C51 COMPILER V9.01   DS1302                                                                09/07/2019 20:50:38 PAGE 1   


C51 COMPILER V9.01, COMPILATION OF MODULE DS1302
OBJECT MODULE PLACED IN DS1302.obj
COMPILER INVOKED BY: D:\Program Files\Keil\C51\BIN\C51.EXE driver+user\DS1302.c LARGE BROWSE DEBUG OBJECTEXTEND PRINT(.\
                    -DS1302.lst) OBJECT(DS1302.obj)

line level    source

   1          #ifndef _DS1302_C
   2          #define _DS1302_C
   3          
   4          #include "config.h"
   5          #include "DS1302.h"
   6          #include "74hc595.h"
   7          
   8          #endif
   9          
  10          unsigned char time[8],figure[6];
  11          
  12          void ds_bytewrite(unsigned char dat)
  13          {
  14   1          unsigned char mask;
  15   1          for(mask=0x01;mask!=0;mask<<=1)
  16   1          {
  17   2              if((mask&dat)==0) io=0;
  18   2                  else io=1;
  19   2                  sclk=1;
  20   2                  sclk=0;
  21   2          }
  22   1          io=1;
  23   1      }
  24          
  25          unsigned char ds_byteread()
  26          {
  27   1          unsigned char mask;
  28   1          unsigned char dat=0;
  29   1      
  30   1          for(mask=0x01;mask!=0;mask<<=1)
  31   1          {
  32   2              if(io!=0) dat|=mask;
  33   2                  sclk=1;
  34   2                  sclk=0;
  35   2          }
  36   1          return dat;
  37   1      }
  38          
  39          void ds_write(unsigned char reg,unsigned char dat)
  40          {
  41   1          ce=0;
  42   1          sclk=0;
  43   1          ce=1;
  44   1          ds_bytewrite((reg<<1)|0x80);
  45   1          ds_bytewrite(dat);
  46   1          ce=0;
  47   1      }
  48          
  49          void ds_burst_write(unsigned char *dat)
  50          {
  51   1          unsigned char i;
  52   1      
  53   1          ce=0;
  54   1          sclk=0;
C51 COMPILER V9.01   DS1302                                                                09/07/2019 20:50:38 PAGE 2   

  55   1          ce=1;
  56   1          ds_bytewrite(0xbe);
  57   1          for(i=0;i<=7;i++) ds_bytewrite(dat[i]);
  58   1          ce=0;
  59   1      }
  60          
  61          unsigned char ds_read(unsigned char reg)
  62          {
  63   1          unsigned char dat;
  64   1      
  65   1          ce=0;
  66   1          sclk=0;
  67   1          ce=1;
  68   1          ds_bytewrite((reg<<1)|0x81);
  69   1          dat=ds_byteread();
  70   1          ce=0;
  71   1          sclk=1;
  72   1          io=0;                                                                                                          //大家都冷静冷静
  73   1          io=1;
  74   1      
  75   1          return dat;
  76   1      }
  77          
  78          void ds_burst_read(unsigned char *dat)
  79          {
  80   1          unsigned char i;
  81   1      
  82   1          ce=0;
  83   1          sclk=0;
  84   1          ce=1;
  85   1          ds_bytewrite(0xbf);
  86   1          for(i=0;i<=7;i++) dat[i]=ds_byteread();
  87   1          ce=0;
  88   1          sclk=1;
  89   1          io=0;                                                                                                          //大家都冷静冷静
  90   1          io=1;
  91   1      }
  92          
  93          void time_get()
  94          {
  95   1          if(!random_switch) ds_burst_read(time);
  96   1          
  97   1              if(!date_switch)
  98   1              {
  99   2              figure[0]=(time[2]>>4);                                                          //获取时间
 100   2                  figure[1]=(time[2]&0x0f);
 101   2                      figure[2]=(time[1]>>4);
 102   2                      figure[3]=(time[1]&0x0f);
 103   2                      figure[4]=(time[0]>>4);
 104   2                      figure[5]=(time[0]&0x0f);
 105   2                                                                                                                                       
 106   2      
 107   2                  tube_driver(figure);                                                                                 //输出时间
 108   2              }
 109   1      
 110   1              else 
 111   1              {
 112   2                  figure[0]=(time[6]>>4);                                                                              //凑合用月日星期
 113   2              figure[1]=(time[6]&0x0f);       
 114   2              figure[2]=(time[4]>>4);
 115   2              figure[3]=(time[4]&0x0f);
 116   2              figure[4]=(time[3]>>4);
C51 COMPILER V9.01   DS1302                                                                09/07/2019 20:50:38 PAGE 3   

 117   2              figure[5]=(time[3]&0x0f);
 118   2      
 119   2              tube_driver(figure);
 120   2              }
 121   1      
 122   1      }
 123          
 124          /*
 125          void ini_ds()
 126          {
 127             unsigned char dat;
 128             unsigned char code ini_time[]={
 129                                            0x00,0x08,0x22,0x26,0x08,0x05,0x19   };
 130             
 131             ce=0;
 132             sclk=0;
 133             dat=ds_read(0);
 134             if((dat&0x80)!=0)
 135             {
 136                ds_write(7,0x00);
 137                    ds_burst_write(ini_time);
 138             }                    
 139          }          */


MODULE INFORMATION:   STATIC OVERLAYABLE
   CODE SIZE        =    331    ----
   CONSTANT SIZE    =   ----    ----
   XDATA SIZE       =     14       6
   PDATA SIZE       =   ----    ----
   DATA SIZE        =   ----    ----
   IDATA SIZE       =   ----    ----
   BIT SIZE         =   ----    ----
END OF MODULE INFORMATION.


C51 COMPILATION COMPLETE.  0 WARNING(S),  0 ERROR(S)
