C51 COMPILER V9.01   MAIN                                                                  09/07/2019 20:50:38 PAGE 1   


C51 COMPILER V9.01, COMPILATION OF MODULE MAIN
OBJECT MODULE PLACED IN main.obj
COMPILER INVOKED BY: D:\Program Files\Keil\C51\BIN\C51.EXE driver+user\main.c LARGE BROWSE DEBUG OBJECTEXTEND PRINT(.\ma
                    -in.lst) OBJECT(main.obj)

line level    source

   1          #ifndef _MAIN_C
   2          #define _MAIN_C
   3          
   4          #include "config.h"
   5          #include "main.h"
   6          //#include "UART.h"
   7          #include "overflow.h"
   8          #include "uart_translate.h"
   9          #include "ini.h"
  10          #include "DS1302.h"
  11          #include "alarm_set.h"
  12          #include "infrared.h"
  13          #include "74hc595.h"
  14          
  15          #endif
  16          
  17          void main()
  18          {
  19   1              main_ini();
  20   1      
  21   1              while(1)
  22   1              {
  23   2                  if(T4_flag)
  24   2                      {
  25   3                          T4_flag=0;
  26   3                              vs_detect();
  27   3                      }
  28   2      
  29   2                      if(T4_flag2)
  30   2                      {
  31   3                          T4_flag2=0;
  32   3                          time_get();
  33   3                      alarm_detect();
  34   3                          uart_process();
  35   3                      }
  36   2      
  37   2              }
  38   1      
  39   1                
  40   1      }               
  41          
  42          
  43          


MODULE INFORMATION:   STATIC OVERLAYABLE
   CODE SIZE        =     27    ----
   CONSTANT SIZE    =   ----    ----
   XDATA SIZE       =   ----    ----
   PDATA SIZE       =   ----    ----
   DATA SIZE        =   ----    ----
   IDATA SIZE       =   ----    ----
   BIT SIZE         =   ----    ----
END OF MODULE INFORMATION.

C51 COMPILER V9.01   MAIN                                                                  09/07/2019 20:50:38 PAGE 2   


C51 COMPILATION COMPLETE.  0 WARNING(S),  0 ERROR(S)
