C51 COMPILER V9.54   BUZZ                                                                  01/27/2020 20:53:59 PAGE 1   


C51 COMPILER V9.54, COMPILATION OF MODULE BUZZ
OBJECT MODULE PLACED IN ..\object\buzz.obj
COMPILER INVOKED BY: D:\Keil_v5\C51\BIN\C51.EXE ..\drivers\src\buzz.c LARGE OPTIMIZE(8,SPEED) BROWSE INCDIR(..\user\inc;
                    -..\drivers\inc;..\main) DEBUG OBJECTEXTEND PRINT(..\listing\buzz.lst) TABS(2) OBJECT(..\object\buzz.obj)

line level    source

   1          /*
   2            添加曲谱后需要更改start_song()
   3                          */
   4          
   5          #ifndef _BUZZ_C
   6          #define _BUZZ_C
   7          
   8          #include "config.h"
   9          #include "buzz.h"
  10          
  11          #endif
  12          
  13          #define time_multiper 5  //25 ms each
  14          
  15          unsigned char beatcontrol=0,beatcount=0;     //频率与节拍
  16          unsigned char beat_size;             //乐曲长度
  17          bit song_finished=1,buzz_switch=0;         //完成标志，蜂鸣器开关（其实功能一样）
  18          
  19          unsigned int code note_freq[]={          //中音，高音，低音1-7频率
  20          0  ,523 ,587 ,659 ,698 ,784 ,880 ,988 ,
  21              1047,1175,1319,1397,1568,1760,1976,
  22            262 ,294 ,330 ,349 ,392 ,440 ,494    };
  23          
  24          unsigned char code song_note1[]={
  25               1,2,3,1,0,        1,2,3,1,       3,4,5,       3,4,5,0,       5,6,5,4,3,1,          5,6,5,4,3,1,0,    
             -       1,19,1,0,        1,19,1      };
  26          
  27          unsigned char code song_beat1[]={
  28          35,  24,24,24,23,1,    24,24,24,24,   24,24,48,    24,24,47,1,    12,12,12,12,24,24,    12,12,12,12,24,23,
             -1,     24,24,47,1,      24,24,48    };
  29          
  30          unsigned char code song_note2[]={
  31             1,0,1,0,   5,0,5,0,      6,0,6,0,      5,   4,0,4,0,    3,0,3,0,     2,0,2,0,      1     };
  32          
  33          unsigned char code song_beat2[]={
  34          25,  11,1,11,1,   11,1,11,1,    11,1,11,1,    24,    11,1,11,1,    11,1,11,1,    11,1,11,1,   24    };
  35          
  36          unsigned char code song_note3[]={
  37                   5,0,     5,0,5,0,5,0,6,     5,4,3,2,       1,     8,0,8,0,8,0,8,       9,0,9,0,8,        5,      6
             -,0,6,7,8,7,6,           5,0,5,0,5,0,       6,8,3,         2,0,2,0,2,0,6,0,6,0,        5,4,3,2,1,2,           
  38            3,0,3,0,3,0,3,0,         2,0,2,0,1,0,1,0,           5,0,5,0,5,0,6,0,        5,4,3,2,          8,0,8,0,8,
             -0,8,0,        7,0,7,0,6,0,5,0,         6,7,6,          9,0,9,0,8,0,7,6,            5,0,5,0,5,0,6,8,        
  39            3,          2,0,2,0,2,0,6,0,6,0,             5,0,5,0,5,0,3,2,         1,         19,1,0,1,2,3,          
             -  19,0,19,0,19,0,19,0,            2,0,2,0,2,0,2,3,      2,      3,2,1,21,     20,     19,0,19,0,19,2,0,2,    
  40            20,21,1,      20,21,1   };
  41          
  42          unsigned char code song_beat3[]={
  43          183,   11,1,    17,1,5,1,11,1,12,    24,24,24,24,   48,    17,1,5,1,11,1,12,    11,1,11,1,24,     96,     2
             -3,1,12,12,24,12,12,      11,1,5,1,5,1,       12,12,48,      11,1,5,1,5,1,11,1,11,1,     12,6,6,12,12,96,          
  44            17,1,5,1,11,1,11,1,      11,1,11,1,11,1,11,1,       17,1,5,1,11,1,11,1,     12,12,12,12,      17,1,5,1,1
             -1,1,11,1,     11,1,11,1,11,1,11,1,     36,12,48,       23,1,23,1,23,1,12,12,       11,1,5,1,5,1,12,12,   
  45            48,         11,1,5,1,5,1,11,1,11,1,          11,1,5,1,5,1,12,12,      96,        24,23,1,24,24,96,      
             -  17,1,5,1,11,1,11,1,             11,1,5,1,5,1,12,12,   96,     24,24,24,24,   96,     11,1,23,1,12,17,1,6,
  46            12,12,96,     48,48,192 };
C51 COMPILER V9.54   BUZZ                                                                  01/27/2020 20:53:59 PAGE 2   

  47          
  48          
  49          unsigned char *song_beat,*song_note;   //曲谱选择指针
  50                                                                     
  51          void freq_set(unsigned int freq)
  52          {
  53   1          unsigned int temp;           //调整频率
  54   1      
  55   1          temp=65536-Fosc/24/freq;  
  56   1          T3L=(unsigned char)temp;
  57   1          T3H=(unsigned char)(temp>>8);
  58   1      }
  59          
  60          void open_buzz()
  61          {
  62   1          TMOD&=0XF0;          //开T1中断
  63   1          EA=1;
  64   1          TH1=0X88;
  65   1          TL1=0XA4;
  66   1          ET1=1;
  67   1          TR1=1;
  68   1      
  69   1        T4T3M&=0XF0;         //开T3中断
  70   1        T4T3M|=0X08;
  71   1        IE2|=0X20;
  72   1      }
  73          
  74          void stopbuzz()
  75          {
  76   1          T4T3M&=0XF7;         //关闭T3中断
  77   1        buzz_switch=0;
  78   1        song_finished=1;
  79   1        beatcontrol=0;
  80   1        buzz=1;
  81   1      }
  82          
  83          void start_song(unsigned char i)     //外部调用，开始选定乐曲
  84          {
  85   1          buzz_switch=1;
  86   1        switch(i)
  87   1        {
  88   2            case 1:song_beat=song_beat1;
  89   2                   song_note=song_note1;
  90   2               break;
  91   2          case 2:song_beat=song_beat2;
  92   2                   song_note=song_note2;
  93   2               break;
  94   2          case 3:song_beat=song_beat3;
  95   2                   song_note=song_note3;
  96   2               break;
  97   2        }
  98   1        beat_size=*song_beat++;
  99   1          freq_set(note_freq[song_note[0]]);
 100   1        song_finished=0;
 101   1        open_buzz();
 102   1      }
 103          
 104          void runbuzz() interrupt 19
 105          {
 106   1          buzz=~buzz;
 107   1      }
 108          
C51 COMPILER V9.54   BUZZ                                                                  01/27/2020 20:53:59 PAGE 3   

 109          void BeatCtr() interrupt 3
 110          {
 111   1          beatcount++;
 112   1        if(beatcount==song_beat[beatcontrol])
 113   1        {
 114   2            beatcount=0;
 115   2            beatcontrol++;
 116   2            if(beatcontrol>beat_size) 
 117   2          {
 118   3            stopbuzz();
 119   3          }
 120   2            else freq_set(note_freq[song_note[beatcontrol]]);
 121   2          }
 122   1      }


MODULE INFORMATION:   STATIC OVERLAYABLE
   CODE SIZE        =    376    ----
   CONSTANT SIZE    =    539    ----
   XDATA SIZE       =      9    ----
   PDATA SIZE       =   ----    ----
   DATA SIZE        =   ----    ----
   IDATA SIZE       =   ----    ----
   BIT SIZE         =      2    ----
END OF MODULE INFORMATION.


C51 COMPILATION COMPLETE.  0 WARNING(S),  0 ERROR(S)
