C51 COMPILER V9.54   INI                                                                   01/27/2020 20:54:03 PAGE 1   


C51 COMPILER V9.54, COMPILATION OF MODULE INI
OBJECT MODULE PLACED IN ..\object\ini.obj
COMPILER INVOKED BY: D:\Keil_v5\C51\BIN\C51.EXE ..\user\src\ini.c LARGE OPTIMIZE(8,SPEED) BROWSE INCDIR(..\user\inc;..\d
                    -rivers\inc;..\main) DEBUG OBJECTEXTEND PRINT(..\listing\ini.lst) TABS(2) OBJECT(..\object\ini.obj)

line level    source

   1          #ifndef _INI_C
   2          #define _INI_C
   3          
   4          #include "config.h"
   5          #include "alarm_set.h"
   6          #include "DS1302.h"
   7          #include "UART.h"
   8          #include "overflow.h"
   9          #include "uart_translate.h"
  10          #include "74hc595.h"
  11          #include "infrared.h"
  12          #include "pwm.h"
  13          #include "ISP_IAP.h"
  14          
  15          #endif
  16          
  17          void main_ini()
  18          {
  19   1        P0M0=0;P0M1=0;P0=0;buzz=1;                 //IO初始化
  20   1        P2M0=0;P2M1=0;P2=0X00;      
  21   1        
  22   1        uart_config(115200);               //串口初始化
  23   1        
  24   1        ini_alarm();                   //闹钟初始化
  25   1      
  26   1        tube_shutdown();                 //稳定显示
  27   1      
  28   1        timer_4_ini();                   //系统嘀嗒
  29   1      
  30   1        ini_vs();                    //红外初始化
  31   1      
  32   1        pwm_state=rom_byte_read(0x0200);         //rgb初始化
  33   1        ini_pwm(pwm_state);
  34   1      }


MODULE INFORMATION:   STATIC OVERLAYABLE
   CODE SIZE        =     48    ----
   CONSTANT SIZE    =   ----    ----
   XDATA SIZE       =   ----    ----
   PDATA SIZE       =   ----    ----
   DATA SIZE        =   ----    ----
   IDATA SIZE       =   ----    ----
   BIT SIZE         =   ----    ----
END OF MODULE INFORMATION.


C51 COMPILATION COMPLETE.  0 WARNING(S),  0 ERROR(S)
